// Jest Snapshot v1, https://goo.gl/fbAQLP

exports[`<Planet /> should render correctly 1`] = `ShallowWrapper {}`;
